kotlin version: 2.0.10
error message: java.lang.OutOfMemoryError: GC overhead limit exceeded
	at java.base/java.lang.String.newStringUTF8NoRepl(String.java:704)
	at java.base/java.lang.System$2.newStringUTF8NoRepl(System.java:2462)
	at java.base/java.util.zip.ZipCoder$UTF8ZipCoder.toString(ZipCoder.java:199)
	at java.base/java.util.zip.ZipFile.getZipEntry(ZipFile.java:650)
	at java.base/java.util.zip.ZipFile$ZipEntryIterator.next(ZipFile.java:509)
	at java.base/java.util.zip.ZipFile$ZipEntryIterator.nextElement(ZipFile.java:497)
	at java.base/java.util.zip.ZipFile$ZipEntryIterator.nextElement(ZipFile.java:475)
	at org.jetbrains.kotlin.com.intellij.openapi.vfs.impl.ZipHandlerBase.buildEntryMapForZipFile(ZipHandlerBase.java:76)
	at org.jetbrains.kotlin.com.intellij.openapi.vfs.impl.ZipHandlerBase.createEntriesMap(ZipHandlerBase.java:67)
	at org.jetbrains.kotlin.com.intellij.openapi.vfs.impl.ArchiveHandler.getEntriesMap(ArchiveHandler.java:181)
	at org.jetbrains.kotlin.com.intellij.openapi.vfs.impl.jar.CoreJarHandler.<init>(CoreJarHandler.java:26)
	at org.jetbrains.kotlin.com.intellij.openapi.vfs.impl.jar.CoreJarFileSystem.lambda$new$0(CoreJarFileSystem.java:17)
	at org.jetbrains.kotlin.com.intellij.openapi.vfs.impl.jar.CoreJarFileSystem$$Lambda$222/0x0000000801175218.fun(Unknown Source)
	at org.jetbrains.kotlin.com.intellij.util.containers.ConcurrentFactoryMap$2.create(ConcurrentFactoryMap.java:174)
	at org.jetbrains.kotlin.com.intellij.util.containers.ConcurrentFactoryMap.get(ConcurrentFactoryMap.java:40)
	at org.jetbrains.kotlin.com.intellij.openapi.vfs.impl.jar.CoreJarFileSystem.findFileByPath(CoreJarFileSystem.java:28)
	at org.jetbrains.kotlin.cli.jvm.compiler.KotlinCoreEnvironment.findJarRoot(KotlinCoreEnvironment.kt:422)
	at org.jetbrains.kotlin.cli.jvm.compiler.KotlinCoreEnvironment.contentRootToVirtualFile(KotlinCoreEnvironment.kt:400)
	at org.jetbrains.kotlin.cli.jvm.compiler.KotlinCoreEnvironment.access$contentRootToVirtualFile(KotlinCoreEnvironment.kt:109)
	at org.jetbrains.kotlin.cli.jvm.compiler.KotlinCoreEnvironment$2.invoke(KotlinCoreEnvironment.kt:246)
	at org.jetbrains.kotlin.cli.jvm.compiler.KotlinCoreEnvironment$2.invoke(KotlinCoreEnvironment.kt:246)
	at org.jetbrains.kotlin.cli.jvm.compiler.ClasspathRootsResolver.convertClasspathRoots(ClasspathRootsResolver.kt:76)
	at org.jetbrains.kotlin.cli.jvm.compiler.KotlinCoreEnvironment.<init>(KotlinCoreEnvironment.kt:255)
	at org.jetbrains.kotlin.cli.jvm.compiler.KotlinCoreEnvironment.<init>(KotlinCoreEnvironment.kt)
	at org.jetbrains.kotlin.cli.jvm.compiler.KotlinCoreEnvironment$Companion.createForProduction(KotlinCoreEnvironment.kt:453)
	at org.jetbrains.kotlin.cli.jvm.K2JVMCompiler.createCoreEnvironment(K2JVMCompiler.kt:210)
	at org.jetbrains.kotlin.cli.jvm.K2JVMCompiler.doExecute(K2JVMCompiler.kt:161)
	at org.jetbrains.kotlin.cli.jvm.K2JVMCompiler.doExecute(K2JVMCompiler.kt:50)
	at org.jetbrains.kotlin.cli.common.CLICompiler.execImpl(CLICompiler.kt:104)
	at org.jetbrains.kotlin.cli.common.CLICompiler.execImpl(CLICompiler.kt:48)
	at org.jetbrains.kotlin.cli.common.CLITool.exec(CLITool.kt:101)
	at org.jetbrains.kotlin.daemon.CompileServiceImpl.compile(CompileServiceImpl.kt:1556)


