kotlin version: 2.0.10
error message: java.lang.OutOfMemoryError: GC overhead limit exceeded
	at java.base/java.util.Arrays.copyOfRange(Arrays.java:3822)
	at java.base/java.lang.StringLatin1.newString(StringLatin1.java:763)
	at java.base/java.lang.String.substring(String.java:2720)
	at java.base/jdk.internal.org.objectweb.asm.Type.getDescriptor(Type.java:552)
	at java.base/jdk.internal.org.objectweb.asm.Frame.setInputFrameFromDescriptor(Frame.java:442)
	at java.base/jdk.internal.org.objectweb.asm.MethodWriter.computeAllFrames(MethodWriter.java:1614)
	at java.base/jdk.internal.org.objectweb.asm.MethodWriter.visitMaxs(MethodWriter.java:1579)
	at java.base/java.lang.invoke.InvokerBytecodeGenerator.methodEpilogue(InvokerBytecodeGenerator.java:359)
	at java.base/java.lang.invoke.InvokerBytecodeGenerator.addMethod(InvokerBytecodeGenerator.java:913)
	at java.base/java.lang.invoke.InvokerBytecodeGenerator.generateCustomizedCodeBytes(InvokerBytecodeGenerator.java:795)
	at java.base/java.lang.invoke.InvokerBytecodeGenerator.generateCustomizedCode(InvokerBytecodeGenerator.java:753)
	at java.base/java.lang.invoke.LambdaForm.compileToBytecode(LambdaForm.java:849)
	at java.base/java.lang.invoke.LambdaForm.prepare(LambdaForm.java:807)
	at java.base/java.lang.invoke.MethodHandle.<init>(MethodHandle.java:482)
	at java.base/java.lang.invoke.BoundMethodHandle.<init>(BoundMethodHandle.java:56)
	at java.base/java.lang.invoke.BoundMethodHandle$Species_LLLLLLLLLL.<init>(java/lang/invoke/BoundMethodHandle$Species_LLLLLLLLLL)
	at java.base/java.lang.invoke.BoundMethodHandle$Species_LLLLLLLLLL.make(java/lang/invoke/BoundMethodHandle$Species_LLLLLLLLLL)
	at java.base/java.lang.invoke.LambdaForm$DMH/0x00000008013ea400.invokeStatic(LambdaForm$DMH)
	at java.base/java.lang.invoke.BoundMethodHandle$Species_LLLLLLLLL.copyWithExtendL(java/lang/invoke/BoundMethodHandle$Species_LLLLLLLLL)
	at java.base/java.lang.invoke.MethodHandleImpl.makePairwiseConvertByEditor(MethodHandleImpl.java:333)
	at java.base/java.lang.invoke.MethodHandleImpl.makePairwiseConvert(MethodHandleImpl.java:265)
	at java.base/java.lang.invoke.MethodHandleImpl.makePairwiseConvert(MethodHandleImpl.java:382)
	at java.base/java.lang.invoke.MethodHandle.asTypeUncached(MethodHandle.java:905)
	at java.base/java.lang.invoke.MethodHandle.asType(MethodHandle.java:870)
	at java.base/java.lang.invoke.MethodHandle.asSpreader(MethodHandle.java:1113)
	at java.base/java.lang.invoke.MethodHandle.asSpreader(MethodHandle.java:1069)
	at java.base/jdk.internal.reflect.MethodHandleAccessorFactory.newConstructorAccessor(MethodHandleAccessorFactory.java:112)
	at java.base/jdk.internal.reflect.ReflectionFactory.newConstructorAccessor(ReflectionFactory.java:201)
	at java.base/java.lang.reflect.Constructor.acquireConstructorAccessor(Constructor.java:547)
	at java.base/java.lang.reflect.Constructor.newInstanceWithCaller(Constructor.java:497)
	at java.base/java.lang.reflect.Constructor.newInstance(Constructor.java:484)
	at org.jetbrains.kotlin.container.SingletonTypeComponentDescriptor.createInstanceOf(Singletons.kt:135)


